app\servercls\threads\ServerInteractiveThread.class
app\base\DefineFormat.class
app\servercls\literacyevent\ProcessTheClientControlMsg.class
app\base\Optional.class
app\base\ThreadPool.class
app\TestServer.class
app\clientcls\literacyevent\InteractiveMsgWhithTheServer$1.class
app\msgenum\StatusCodeEnum.class
app\servercls\threads\RcvHeartbeatThread.class
app\AssassinClient.class
app\servercls\literacyevent\SourceInteractiveThread.class
app\interactive\InteractiveDo.class
app\base\ConvertTools.class
app\servercls\literacyevent\IReadMsg.class
app\interactive\InteractivePair.class
app\model\ExposePortModel.class
app\servercls\config\ServiceConfig.class
app\clientcls\config\IClientConfig.class
app\servercls\threads\ServerMainThread$1.class
app\msgenum\MsgTypeEnum.class
app\AssassinServer.class
app\others\MD5SignatureModel.class
app\clientcls\config\ClientConfig.class
app\model\ReplyCodeModel.class
app\model\EncryptMsgModel.class
app\servercls\literacyevent\IRcvHeartbeat.class
app\clientcls\threads\ClientMainThread.class
app\PubConfig.class
app\servercls\literacyevent\RcvHeartbeat.class
app\api\IAssassinThread.class
app\servercls\literacyevent\IProcessMsg.class
app\servercls\threads\ServerMainThread.class
app\clientcls\threads\SendHeartbeatThread.class
app\base\LoadIni.class
app\Test.class
app\clientcls\literacyevent\InteractiveMsgWhithTheServer.class
app\servercls\literacyevent\ProcessTheClientConnectMsg.class
app\servercls\config\IServiceConfig.class
app\model\MsgModel.class
app\PubConfig$ExposeMap.class
app\TestClient.class
app\model\SocketPairKeyModel.class
app\channel\IChannel.class
app\channel\SocketChannel.class
app\channel\EncryptChannel.class
app\servercls\literacyevent\ReadMsg.class
