C:\filedir\project\java\eclipse\assassin\assassin\src\main\java\app\clientcls\threads\SendHeartbeatThread.java
C:\filedir\project\java\eclipse\assassin\assassin\src\main\java\app\servercls\threads\ServerInteractiveThread.java
C:\filedir\project\java\eclipse\assassin\assassin\src\main\java\app\PubConfig.java
C:\filedir\project\java\eclipse\assassin\assassin\src\main\java\app\others\MD5SignatureModel.java
C:\filedir\project\java\eclipse\assassin\assassin\src\main\java\app\servercls\config\IServiceConfig.java
C:\filedir\project\java\eclipse\assassin\assassin\src\main\java\app\base\Optional.java
C:\filedir\project\java\eclipse\assassin\assassin\src\main\java\app\servercls\threads\ServerMainThread.java
C:\filedir\project\java\eclipse\assassin\assassin\src\main\java\app\servercls\literacyevent\ReadMsg.java
C:\filedir\project\java\eclipse\assassin\assassin\src\main\java\app\clientcls\config\ClientConfig.java
C:\filedir\project\java\eclipse\assassin\assassin\src\main\java\app\servercls\literacyevent\SourceInteractiveThread.java
C:\filedir\project\java\eclipse\assassin\assassin\src\main\java\app\servercls\literacyevent\ProcessTheClientConnectMsg.java
C:\filedir\project\java\eclipse\assassin\assassin\src\main\java\app\channel\SocketChannel.java
C:\filedir\project\java\eclipse\assassin\assassin\src\main\java\app\channel\IChannel.java
C:\filedir\project\java\eclipse\assassin\assassin\src\main\java\app\clientcls\config\IClientConfig.java
C:\filedir\project\java\eclipse\assassin\assassin\src\main\java\app\AssassinClient.java
C:\filedir\project\java\eclipse\assassin\assassin\src\main\java\app\clientcls\threads\ClientMainThread.java
C:\filedir\project\java\eclipse\assassin\assassin\src\main\java\app\msgenum\MsgTypeEnum.java
C:\filedir\project\java\eclipse\assassin\assassin\src\main\java\app\servercls\literacyevent\IRcvHeartbeat.java
C:\filedir\project\java\eclipse\assassin\assassin\src\main\java\app\interactive\InteractivePair.java
C:\filedir\project\java\eclipse\assassin\assassin\src\main\java\app\model\EncryptMsgModel.java
C:\filedir\project\java\eclipse\assassin\assassin\src\main\java\app\AssassinServer.java
C:\filedir\project\java\eclipse\assassin\assassin\src\main\java\app\servercls\threads\RcvHeartbeatThread.java
C:\filedir\project\java\eclipse\assassin\assassin\src\main\java\app\model\ExposePortModel.java
C:\filedir\project\java\eclipse\assassin\assassin\src\main\java\app\TestServer.java
C:\filedir\project\java\eclipse\assassin\assassin\src\main\java\app\base\DefineFormat.java
C:\filedir\project\java\eclipse\assassin\assassin\src\main\java\app\servercls\literacyevent\ProcessTheClientControlMsg.java
C:\filedir\project\java\eclipse\assassin\assassin\src\main\java\app\base\ConvertTools.java
C:\filedir\project\java\eclipse\assassin\assassin\src\main\java\app\model\MsgModel.java
C:\filedir\project\java\eclipse\assassin\assassin\src\main\java\app\servercls\literacyevent\IProcessMsg.java
C:\filedir\project\java\eclipse\assassin\assassin\src\main\java\app\msgenum\StatusCodeEnum.java
C:\filedir\project\java\eclipse\assassin\assassin\src\main\java\app\clientcls\literacyevent\InteractiveMsgWhithTheServer.java
C:\filedir\project\java\eclipse\assassin\assassin\src\main\java\app\TestClient.java
C:\filedir\project\java\eclipse\assassin\assassin\src\main\java\app\servercls\literacyevent\IReadMsg.java
C:\filedir\project\java\eclipse\assassin\assassin\src\main\java\app\servercls\literacyevent\RcvHeartbeat.java
C:\filedir\project\java\eclipse\assassin\assassin\src\main\java\app\Test.java
C:\filedir\project\java\eclipse\assassin\assassin\src\main\java\app\api\IAssassinThread.java
C:\filedir\project\java\eclipse\assassin\assassin\src\main\java\app\interactive\InteractiveDo.java
C:\filedir\project\java\eclipse\assassin\assassin\src\main\java\app\servercls\config\ServiceConfig.java
C:\filedir\project\java\eclipse\assassin\assassin\src\main\java\app\base\ThreadPool.java
C:\filedir\project\java\eclipse\assassin\assassin\src\main\java\app\model\ReplyCodeModel.java
C:\filedir\project\java\eclipse\assassin\assassin\src\main\java\app\model\SocketPairKeyModel.java
C:\filedir\project\java\eclipse\assassin\assassin\src\main\java\app\base\LoadIni.java
C:\filedir\project\java\eclipse\assassin\assassin\src\main\java\app\channel\EncryptChannel.java
